// Jest Snapshot v1, https://goo.gl/fbAQLP

exports[`Display renders correctly 1`] = `
<div
  className="navbar"
>
  <h1>
    Personal Expenses
  </h1>
</div>
`;
