// Jest Snapshot v1, https://goo.gl/fbAQLP

exports[`Display renders correctly 1`] = `
<div>
  <div
    className="progress-container"
  >
    <div
      className="progress-summary"
    >
      <div
        className="progress-expent"
      >
        <h3>
          Total expent 
        </h3>
        <h3
          className="total-amount"
        >
          NaN
          Â  k
        </h3>
      </div>
    </div>
    <div
      className="history-container"
    >
      <i
        className="fas fa-history"
      />
      <h3>
        History
      </h3>
    </div>
  </div>
  <div
    className="footer-container"
  >
    <a
      className="footer-link"
      href="/measures"
      onClick={[Function]}
    >
      <i
        className="fas fa-balance-scale-right"
      />
    </a>
    <a
      className="footer-link"
      href="/"
      onClick={[Function]}
    >
      <i
        className="fas fa-bars"
      />
    </a>
    <a
      className="footer-link"
      href="/progress"
      onClick={[Function]}
    >
      <i
        className="fas fa-tasks"
      />
    </a>
    <a
      className="footer-link"
      href="/more"
      onClick={[Function]}
    >
      <i
        className="fas fa-info"
      />
    </a>
  </div>
</div>
`;
