// Jest Snapshot v1, https://goo.gl/fbAQLP

exports[`Display renders correctly 1`] = `
Array [
  <div>
    <div
      className="home-container"
    >
      <div
        className="home-summary"
      >
        <div
          className="home-summary-container"
        >
          <div
            className="home-summary-info"
          >
            NaN
              k
          </div>
          <p>
            Expent
          </p>
        </div>
        <div
          className="home-summary-container"
        >
          <div
            className="home-summary-info"
          >
            0.0
              k
          </div>
          <p>
            Target
          </p>
        </div>
        <div
          className="home-summary-container"
        >
          <div
            className="home-summary-info"
          >
            NaN
              k
          </div>
          <p>
            Balance
          </p>
        </div>
      </div>
      <div
        className="home-catalogue-container"
      >
        <div
          className="home-catalogue"
        >
          <div
            className="home-catalogue-item"
          >
            <i
              className="fas fa-graduation-cap"
            />
            <div>
              <p>
                NaN
                  k
              </p>
              <span>
                Education
              </span>
            </div>
          </div>
          <div
            className="home-catalogue-item"
          >
            <i
              className="fas fa-shopping-cart"
            />
            <div>
              <p>
                NaN
                  k
              </p>
              <span>
                Grocery
              </span>
            </div>
          </div>
          <div
            className="home-catalogue-item"
          >
            <i
              className="fas fa-heartbeat"
            />
            <div>
              <p>
                NaN
                  k
              </p>
              <p>
                Health
              </p>
            </div>
          </div>
          <div
            className="home-catalogue-item"
          >
            <i
              className="fas fa-gamepad"
            />
            <div>
              <p>
                NaN
                  k
              </p>
              <span>
                Leisure
              </span>
            </div>
          </div>
          <div
            className="home-catalogue-item"
          >
            <i
              className="fas fa-home"
            />
            <div>
              <p>
                NaN
                  k
              </p>
              <span>
                Living
              </span>
            </div>
          </div>
          <div
            className="home-catalogue-item"
          >
            <i
              className="fas fa-bus"
            />
            <div>
              <p>
                NaN
                  k
              </p>
              <span>
                Transport
              </span>
            </div>
          </div>
        </div>
      </div>
    </div>
    <div
      className="footer-container"
    >
      <a
        className="footer-link"
        href="/measures"
        onClick={[Function]}
      >
        <i
          className="fas fa-balance-scale-right"
        />
      </a>
      <a
        className="footer-link"
        href="/"
        onClick={[Function]}
      >
        <i
          className="fas fa-bars"
        />
      </a>
      <a
        className="footer-link"
        href="/progress"
        onClick={[Function]}
      >
        <i
          className="fas fa-tasks"
        />
      </a>
      <a
        className="footer-link"
        href="/more"
        onClick={[Function]}
      >
        <i
          className="fas fa-info"
        />
      </a>
    </div>
  </div>,
  ",",
]
`;
